
Map of Debug\clock-based-on-the-microcontroller-stm8.sm8 from link file Debug\clock-based-on-the-microcontroller-stm8.lkf - Tue Apr  4 20:05:23 2023


                               --------
                               Segments
                               --------

start 00008080 end 00008084 length     4 segment .const
start 000080df end 00008d00 length  3105 segment .text
start 00004000 end 00004000 length     0 segment .eeprom
start 00000000 end 00000053 length    83 segment .bsct, initialized
start 0000808c end 000080df length    83 segment .bsct, from
start 00000053 end 0000007a length    39 segment .ubsct
start 0000007a end 0000007a length     0 segment .bit
start 0000007a end 0000007a length     0 segment .share
start 00000100 end 00000100 length     0 segment .data
start 00000100 end 00000100 length     0 segment .bss
start 00000000 end 00000334 length   820 segment .info.
start 00000000 end 00001201 length  4609 segment .debug
start 00008000 end 00008080 length   128 segment .const
start 00008084 end 0000808c length     8 segment .init


                               -------
                               Modules
                               -------

C:\Program Files (x86)\COSMIC\FSE_Compilers\CXSTM8\lib\crtsi0.sm8:
start 000080df end 0000812f length    80 section .text
start 00000100 end 00000100 length     0 section .bss
start 00000053 end 00000053 length     0 section .ubsct
start 00000000 end 00000034 length    52 section .info.

Debug\i2c.o:
start 0000812f end 0000827d length   334 section .text
start 00000000 end 0000024b length   587 section .debug
start 00000034 end 0000009f length   107 section .info.

Debug\lcd.o:
start 0000827d end 00008395 length   280 section .text
start 0000024b end 000004db length   656 section .debug
start 0000009f end 0000010a length   107 section .info.

Debug\main.o:
start 00008395 end 00008cd8 length  2371 section .text
start 00000000 end 00000053 length    83 section .bsct
start 00000053 end 00000070 length    29 section .ubsct
start 000004db end 00001096 length  3003 section .debug
start 0000010a end 00000176 length   108 section .info.
start 00008080 end 00008084 length     4 section .const

(C:\Program Files (x86)\COSMIC\FSE_Compilers\CXSTM8\lib\libm0.sm8)lcmp.o:
start 00008cd8 end 00008cf8 length    32 section .text
start 00000176 end 000001a5 length    47 section .info.

(C:\Program Files (x86)\COSMIC\FSE_Compilers\CXSTM8\lib\libm0.sm8)lreg.o:
start 00000070 end 00000074 length     4 section .ubsct
start 000001a5 end 000001d4 length    47 section .info.

(C:\Program Files (x86)\COSMIC\FSE_Compilers\CXSTM8\lib\libm0.sm8)utolx.o:
start 00008cf8 end 00008cff length     7 section .text
start 000001d4 end 00000204 length    48 section .info.

(C:\Program Files (x86)\COSMIC\FSE_Compilers\CXSTM8\lib\libm0.sm8)xreg.o:
start 00000074 end 00000077 length     3 section .ubsct
start 00000204 end 00000233 length    47 section .info.

(C:\Program Files (x86)\COSMIC\FSE_Compilers\CXSTM8\lib\libm0.sm8)yreg.o:
start 00000077 end 0000007a length     3 section .ubsct
start 00000233 end 00000262 length    47 section .info.

Debug\stm8_interrupt_vector.o:
start 00008cff end 00008d00 length     1 section .text
start 00001096 end 00001201 length   363 section .debug
start 00000262 end 000002df length   125 section .info.
start 00008000 end 00008080 length   128 section .const


                             -----------
                             Stack usage
                             -----------

Debug\i2c.o:
_I2C_ReadByte               7   (5)
_I2C_ReadByte_last          7   (5)
_I2C_SendByte               6   (4)
_i2c_start                  4   (2)
_i2c_stop                   4   (2)

Debug\lcd.o:
_LCD_Clear             >   12   (2)
_LCD_Init                  12   (2)
_LCD_SetPos                14   (4)
_LCD_delay             >    4   (4)
_sendbyte                  10   (5)
_sendbyteHalf               5   (3)

Debug\main.o:
_DS1307init                 8   (2)
_Day_Switch                 2   (2)
_RTC_ConvertFromDec         3   (3)
_RTC_ConvertFromDecd        5   (5)
_button                    16   (6)
_clk_out                   22   (4)
_delay_ms                   2   (2)
_digit_out                 18   (4)
_lcd_mask                  12   (2)
_main                  >   25   (3)
_segment_clear             13   (3)
_sending_data              10   (4)
_sets_CGRAM                15   (5)
_vyb_raz                    3   (3)
_vyb_raz_h                  3   (3)

Debug\stm8_interrupt_vector.o:
f_NonHandledInterrupt  >    6   (6)

Stack size: 31


                              ---------
                              Call tree
                              ---------
   1 > _LCD_Clear: (2)
   2      + _delay_ms: (2)
   3      + _sendbyte: (5)
   4      |    + _sendbyteHalf: (3)
   5      |    |    + _delay_ms --> 2
          |    | 
          | 
       
   6 > _LCD_delay: (4)

   7 > __stext: (0)

   8 > _main: (3)
   9      + _DS1307init: (2)
  10      |    + _I2C_SendByte: (4)
  11      |    |    + _delay_ms --> 2
          |    | 
  12      |    + _delay_ms --> 2
  13      |    + _i2c_start: (2)
  14      |    |    + _delay_ms --> 2
          |    | 
  15      |    + _i2c_stop: (2)
  16      |    |    + _delay_ms --> 2
          |    | 
          | 
  17      + _I2C_ReadByte: (5)
  18      |    + _delay_ms --> 2
          | 
  19      + _I2C_ReadByte_last: (5)
  20      |    + _delay_ms --> 2
          | 
  21      + _I2C_SendByte --> 10
  22      + _LCD_Init: (2)
  23      |    + _delay_ms --> 2
  24      |    + _sendbyte --> 3
          | 
  25      + _RTC_ConvertFromDec: (3)
  26      + _RTC_ConvertFromDecd: (5)
  27      + _clk_out: (4)
  28      |    + _Day_Switch: (2)
  29      |    + _LCD_SetPos: (4)
  30      |    |    + _sendbyte --> 3
          |    | 
  31      |    + _button: (6)
  32      |    |    + _sending_data: (4)
  33      |    |    |    + _I2C_SendByte --> 10
  34      |    |    |    + _i2c_start --> 13
  35      |    |    |    + _i2c_stop --> 15
          |    |    | 
  36      |    |    + _vyb_raz: (3)
  37      |    |    + _vyb_raz_h: (3)
          |    | 
  38      |    + _digit_out: (4)
  39      |    |    + _LCD_SetPos --> 29
  40      |    |    + _sendbyte --> 3
          |    | 
  41      |    + _lcd_mask: (2)
  42      |    |    + _sendbyte --> 3
          |    | 
  43      |    + _segment_clear: (3)
  44      |    |    + _sendbyte --> 3
          |    | 
  45      |    + _sendbyte --> 3
          | 
  46      + _delay_ms --> 2
  47      + _i2c_start --> 13
  48      + _i2c_stop --> 15
  49      + _sendbyte --> 3
  50      + _sets_CGRAM: (5)
  51      |    + _sendbyte --> 3
          | 
       
  52 > f_NonHandledInterrupt: (6)

  53   _DS1307init --> 9

  54   _Day_Switch --> 28

  55   _I2C_ReadByte --> 17

  56   _I2C_ReadByte_last --> 19

  57   _I2C_SendByte --> 10

  58   _LCD_Init --> 22

  59   _LCD_SetPos --> 29

  60   _RTC_ConvertFromDec --> 25

  61   _RTC_ConvertFromDecd --> 26

  62   _button --> 31

  63   _clk_out --> 27

  64   _delay_ms --> 2

  65   _digit_out --> 38

  66   _i2c_start --> 13

  67   _i2c_stop --> 15

  68   _lcd_mask --> 41

  69   _segment_clear --> 43

  70   _sendbyte --> 3

  71   _sendbyteHalf --> 4

  72   _sending_data --> 32

  73   _sets_CGRAM --> 50

  74   _vyb_raz --> 36

  75   _vyb_raz_h --> 37



                               -------
                               Symbols
                               -------

_DAY_1                  0000000f   defined in Debug\main.o section .bsct, initialized
_DAY_2                  00000010   defined in Debug\main.o section .bsct, initialized
_DS1307init             000085e5   defined in Debug\main.o section .text
_Day_Switch             0000875b   defined in Debug\main.o section .text
_I2C_ReadByte           000081c7   defined in Debug\i2c.o section .text
                                   used in Debug\main.o
_I2C_ReadByte_last      00008222   defined in Debug\i2c.o section .text
                                   used in Debug\main.o
_I2C_SendByte           0000816b   defined in Debug\i2c.o section .text
                                   used in Debug\main.o
_LCD_Clear              00008366   defined in Debug\lcd.o section .text
_LCD_Init               000082dd   defined in Debug\lcd.o section .text
                                   used in Debug\main.o
_LCD_SetPos             00008373   defined in Debug\lcd.o section .text
                                   used in Debug\main.o
_LCD_delay              0000827d   defined in Debug\lcd.o section .text
_RTC_ConvertFromDec     000083ef   defined in Debug\main.o section .text
_RTC_ConvertFromDecd    000083b8   defined in Debug\main.o section .text
_Weekdays               00000053   defined in Debug\main.o section .ubsct
__endmem                000001ff   defined in command file
                                   *** not used ***
__endzp                 0000007a   defined in command file section .ubsct
                                   used in C:\Program Files (x86)\COSMIC\FSE_Compilers\CXSTM8\lib\crtsi0.sm8
__idesc__               00008084   defined in linker section .init
                                   used in C:\Program Files (x86)\COSMIC\FSE_Compilers\CXSTM8\lib\crtsi0.sm8
__memory                00000100   defined in command file section .bss
                                   used in C:\Program Files (x86)\COSMIC\FSE_Compilers\CXSTM8\lib\crtsi0.sm8
__stack                 000003ff   defined in command file
                                   used in C:\Program Files (x86)\COSMIC\FSE_Compilers\CXSTM8\lib\crtsi0.sm8
__startmem              00000100   defined in command file section .bss
                                   *** not used ***
__stext                 000080df   defined in C:\Program Files (x86)\COSMIC\FSE_Compilers\CXSTM8\lib\crtsi0.sm8 section .text
                                   used in Debug\stm8_interrupt_vector.o
__vectab                00008000   defined in Debug\stm8_interrupt_vector.o section .const
_address_1              00000005   defined in Debug\main.o section .bsct, initialized
_address_2              00000007   defined in Debug\main.o section .bsct, initialized
_address_3              00000009   defined in Debug\main.o section .bsct, initialized
_address_4              0000000b   defined in Debug\main.o section .bsct, initialized
_alarm_1                0000006e   defined in Debug\main.o section .ubsct
_alarm_2                0000006d   defined in Debug\main.o section .ubsct
_alarm_3                0000006c   defined in Debug\main.o section .ubsct
_alarm_4                0000006b   defined in Debug\main.o section .ubsct
_alarm_flag             00000061   defined in Debug\main.o section .ubsct
_alarm_number           0000000e   defined in Debug\main.o section .bsct, initialized
_button                 00008692   defined in Debug\main.o section .text
_clk_out                00008889   defined in Debug\main.o section .text
_delay_ms               00008395   defined in Debug\main.o section .text
                                   used in Debug\i2c.o Debug\lcd.o
_digit_out              000083f9   defined in Debug\main.o section .text
_exit                   0000812d   defined in C:\Program Files (x86)\COSMIC\FSE_Compilers\CXSTM8\lib\crtsi0.sm8 section .text
_hour                   0000005a   defined in Debug\main.o section .ubsct
_hour_alar              00000059   defined in Debug\main.o section .ubsct
_hourd                  00000056   defined in Debug\main.o section .ubsct
_hourd_alar             00000012   defined in Debug\main.o section .bsct, initialized
_houre                  00000057   defined in Debug\main.o section .ubsct
_houre_alar             00000011   defined in Debug\main.o section .bsct, initialized
_houree                 00000054   defined in Debug\main.o section .ubsct
_i2c_start              0000812f   defined in Debug\i2c.o section .text
                                   used in Debug\main.o
_i2c_stop               0000814c   defined in Debug\i2c.o section .text
                                   used in Debug\main.o
_lcd_mask               000087b9   defined in Debug\main.o section .text
_main                   00008b12   defined in Debug\main.o section .text
                                   used in C:\Program Files (x86)\COSMIC\FSE_Compilers\CXSTM8\lib\crtsi0.sm8
_min                    0000005d   defined in Debug\main.o section .ubsct
_min_alar               00000058   defined in Debug\main.o section .ubsct
_mind                   0000005b   defined in Debug\main.o section .ubsct
_mine                   0000005c   defined in Debug\main.o section .ubsct
_minee                  00000055   defined in Debug\main.o section .ubsct
_ms                     00000001   defined in Debug\main.o section .bsct, initialized
_n                      00000062   defined in Debug\main.o section .ubsct
_p_alarm_1              00000069   defined in Debug\main.o section .ubsct
_p_alarm_2              00000067   defined in Debug\main.o section .ubsct
_p_alarm_3              00000065   defined in Debug\main.o section .ubsct
_p_alarm_4              00000063   defined in Debug\main.o section .ubsct
_sec                    0000005e   defined in Debug\main.o section .ubsct
_secd                   0000005f   defined in Debug\main.o section .ubsct
_sece                   00000060   defined in Debug\main.o section .ubsct
_segment_clear          000083a7   defined in Debug\main.o section .text
_sendbyte               000082bb   defined in Debug\lcd.o section .text
                                   used in Debug\main.o
_sendbyteHalf           00008292   defined in Debug\lcd.o section .text
_sending_data           0000867a   defined in Debug\main.o section .text
_sets_CGRAM             00008af4   defined in Debug\main.o section .text
_str01                  00000013   defined in Debug\main.o section .bsct, initialized
_str02                  0000001b   defined in Debug\main.o section .bsct, initialized
_str03                  00000023   defined in Debug\main.o section .bsct, initialized
_str04                  0000002b   defined in Debug\main.o section .bsct, initialized
_str05                  00000033   defined in Debug\main.o section .bsct, initialized
_str06                  0000003b   defined in Debug\main.o section .bsct, initialized
_str07                  00000043   defined in Debug\main.o section .bsct, initialized
_str08                  0000004b   defined in Debug\main.o section .bsct, initialized
_t                      0000000d   defined in Debug\main.o section .bsct, initialized
_tio                    00000003   defined in Debug\main.o section .bsct, initialized
_tuk                    0000006f   defined in Debug\main.o section .ubsct
_tul                    00000000   defined in Debug\main.o section .bsct, initialized
_vyb_raz                00008614   defined in Debug\main.o section .text
_vyb_raz_h              00008656   defined in Debug\main.o section .text
_watchdog               00000004   defined in Debug\main.o section .bsct, initialized
c_lcmp                  00008cd8   defined in (C:\Program Files (x86)\COSMIC\FSE_Compilers\CXSTM8\lib\libm0.sm8)lcmp.o section .text
                                   used in Debug\main.o
c_lreg                  00000070   defined in (C:\Program Files (x86)\COSMIC\FSE_Compilers\CXSTM8\lib\libm0.sm8)lreg.o section .ubsct
                                   used in (C:\Program Files (x86)\COSMIC\FSE_Compilers\CXSTM8\lib\libm0.sm8)lcmp.o
                                           (C:\Program Files (x86)\COSMIC\FSE_Compilers\CXSTM8\lib\libm0.sm8)utolx.o
c_uitolx                00008cf8   defined in (C:\Program Files (x86)\COSMIC\FSE_Compilers\CXSTM8\lib\libm0.sm8)utolx.o section .text
                                   used in Debug\main.o
c_x                     00000074   defined in (C:\Program Files (x86)\COSMIC\FSE_Compilers\CXSTM8\lib\libm0.sm8)xreg.o section .ubsct
                                   used in C:\Program Files (x86)\COSMIC\FSE_Compilers\CXSTM8\lib\crtsi0.sm8
c_y                     00000077   defined in (C:\Program Files (x86)\COSMIC\FSE_Compilers\CXSTM8\lib\libm0.sm8)yreg.o section .ubsct
                                   used in C:\Program Files (x86)\COSMIC\FSE_Compilers\CXSTM8\lib\crtsi0.sm8
f_NonHandledInterrupt   00008cff   defined in Debug\stm8_interrupt_vector.o section .text
